0 0
2 1
5 2
9 3
15 7
21 11
26 15
32 16
38 17
43 18
49 19
56 23
63 27
71 31
78 32
85 36
94 37
101 38
109 39
116 40
122 41
129 42
136 43
144 44
154 49
162 53
170 57
178 58
187 62
196 63
207 67
218 72
223 73
231 74
240 75
247 79
256 80
265 81
274 82
284 83
295 84
303 85
311 86
321 87
330 91
340 95
351 100
364 104
376 108
386 112
393 113
402 114
411 115
419 116
429 117
441 122
451 127
461 131
471 132
483 133
493 138
504 139
516 143
525 144
534 145
545 146
556 150
565 151
575 152
586 153
597 157
609 161
620 162
631 166
642 170
654 171
663 175
673 179
683 184
695 189
707 195
719 199
730 205
743 206
754 211
762 212
771 216
780 217
793 221
803 227
814 228
826 232
836 233
847 237
859 238
870 239
881 240
894 244
907 249
919 254
931 254
941 254
954 254
962 254
974 254
985 254
998 254
1008 254
1019 254
1026 254
1037 254
1042 254
1053 254
1064 254
1071 254
1082 254
1089 254
1098 254
1105 254
1113 254
1123 254
1132 254
1143 254
1152 254
1159 254
1167 254
1177 254
1187 254
1194 254
1203 254
1214 254
1224 254
1234 254
1244 254
1253 254
1265 254
1274 254
1281 254
1287 254
1296 254
1304 254
1315 254
1320 254
1333 254
1342 254
1353 254
1364 254
1374 254
1385 254
1394 254
1401 254
1404 254
1414 254
1424 254
1434 254
1442 254
1454 254
1464 254
1470 254
1481 254
1489 254
1496 254
1504 254
1516 254
1525 254
1536 254
1538 254
1549 254
1560 254
1567 254
1574 254
1582 254
1593 254
1599 254
1610 254
1624 254
1633 254
1644 254
1652 254
1661 254
1672 254
1682 254
1693 254
1703 254
1716 254
1725 254
1737 254
1751 254
1762 254
1773 254
1787 254
1795 254
1803 254
1815 254
1826 254
1832 254
1836 254
1848 254
1856 254
1866 254
