0 0
3 1
7 2
12 3
17 4
23 5
31 6
41 7
48 8
56 9
63 10
73 11
82 12
91 13
100 14
109 15
119 16
130 17
141 18
152 19
165 20
178 21
184 22
198 23
205 24
217 25
230 26
244 27
259 28
267 29
282 30
294 31
296 32
311 33
325 34
335 35
345 36
357 37
368 38
380 39
391 40
402 41
419 42
434 43
448 44
460 45
472 46
480 47
487 48
498 49
514 50
530 51
544 52
556 53
567 54
576 55
586 56
596 57
614 58
627 59
642 60
650 61
667 62
682 63
694 64
707 65
725 66
739 67
756 68
770 69
789 70
802 71
819 72
831 73
847 74
859 75
869 76
885 77
898 78
909 79
923 80
940 81
952 82
964 83
975 84
978 85
993 86
997 87
1010 88
1026 89
1041 90
1047 91
1061 92
1074 93
1089 94
1101 95
1119 96
1134 97
1151 98
1169 99
1179 99
1192 99
1202 99
1216 99
1231 99
1250 99
1259 99
1276 99
1291 99
1302 99
1314 99
1325 99
1340 99
1355 99
1366 99
1381 99
1394 99
1404 99
1409 99
1423 99
1432 99
1445 99
1458 99
1471 99
1485 99
1498 99
1509 99
1511 99
1523 99
1537 99
1540 99
1544 99
1554 99
1573 99
1586 99
1604 99
1616 99
1627 99
1635 99
1649 99
1662 99
1678 99
1689 99
1701 99
1717 99
1727 99
1739 99
1758 99
1769 99
1778 99
1792 99
1806 99
1820 99
1835 99
1843 99
1859 99
1870 99
1877 99
1894 99
1910 99
1913 99
1915 99
1934 99
1952 99
1957 99
1974 99
1992 99
2005 99
2019 99
2036 99
2052 99
2066 99
2078 99
2093 99
2106 99
2113 99
2129 99
2145 99
2159 99
2170 99
2189 99
2204 99
2212 99
2230 99
2243 99
2247 99
2257 99
2272 99
2291 99
2302 99
2322 99
2332 99
2342 99
2356 99
2365 99
2378 99
2393 99
2405 99
2419 99
2435 99
