0 0
2 1
5 2
9 3
14 4
20 5
27 6
35 7
44 8
54 9
65 10
77 11
90 12
104 13
119 14
135 15
152 16
170 17
189 18
209 19
230 20
252 21
275 22
299 23
324 24
350 25
377 26
405 27
434 28
464 29
495 30
527 31
560 32
594 33
629 34
665 35
702 36
740 37
779 38
819 39
860 40
902 41
945 42
989 43
1034 44
1080 45
1127 46
1175 47
1224 48
1274 49
1325 50
1377 51
1430 52
1484 53
1539 54
1595 55
1652 56
1710 57
1769 58
1829 59
1890 60
1952 61
2015 62
2079 63
2144 64
2210 65
2277 66
2345 67
2414 68
2484 69
2555 70
2627 71
2700 72
2774 73
2849 74
2925 75
3002 76
3080 77
3159 78
3239 79
3320 80
3402 81
3485 82
3569 83
3654 84
3740 85
3827 86
3915 87
4004 88
4094 89
4185 90
4277 91
4370 92
4464 93
4559 94
4655 95
4752 96
4850 97
4949 98
5049 99
5150 100
5252 101
5355 102
5459 103
5564 104
5670 105
5777 106
5885 107
5994 108
6104 109
6215 110
6327 111
6440 112
6554 113
6669 114
6785 115
6902 116
7020 117
7139 118
7259 119
7380 120
7502 121
7625 122
7749 123
7874 124
8000 125
8127 126
8255 127
8384 128
8514 129
8645 130
8777 131
8910 132
9044 133
9179 134
9315 135
9452 136
9590 137
9729 138
9869 139
10010 140
10152 141
10295 142
10439 143
10584 144
10730 145
10877 146
11025 147
11174 148
11324 149
11475 150
11627 151
11780 152
11934 153
12089 154
12245 155
12402 156
12560 157
12719 158
12879 159
13040 160
13202 161
13365 162
13529 163
13694 164
13860 165
14027 166
14195 167
14364 168
14534 169
14705 170
14877 171
15050 172
15224 173
15399 174
15575 175
15752 176
15930 177
16109 178
16289 179
16470 180
16652 181
16835 182
17019 183
17204 184
17390 185
17577 186
17765 187
17954 188
18144 189
18335 190
18527 191
18720 192
18914 193
19109 194
19305 195
19502 196
19700 197
19899 198
20099 199
20300 200
20502 201
20705 202
20909 203
21114 204
21320 205
21527 206
21735 207
21944 208
22154 209
22365 210
22577 211
22790 212
23004 213
23219 214
23435 215
23652 216
23870 217
24089 218
24309 219
24530 220
24752 221
24975 222
25199 223
25424 224
25650 225
25877 226
26105 227
26334 228
26564 229
26795 230
27027 231
27260 232
27494 233
27729 234
27965 235
28202 236
28440 237
28679 238
28919 239
29160 240
29402 241
29645 242
29889 243
30134 244
30380 245
30627 246
30875 247
31124 248
31374 249
31625 250
31877 251
32130 252
32384 253
32639 254
32895 255
33152 256
33410 257
33669 258
33929 259
34190 260
34452 261
34715 262
34979 263
35244 264
35510 265
35777 266
36045 267
36314 268
36584 269
36855 270
37127 271
37400 272
37674 273
37949 274
38225 275
38502 276
38780 277
39059 278
39339 279
39620 280
39902 281
40185 282
40469 283
40754 284
41040 285
41327 286
41615 287
41904 288
42194 289
42485 290
42777 291
43070 292
43364 293
43659 294
43955 295
44252 296
44550 297
44849 298
45149 299
45450 300
45752 301
46055 302
46359 303
46664 304
46970 305
47277 306
47585 307
47894 308
48204 309
48515 310
48827 311
49140 312
49454 313
49769 314
50085 315
50402 316
50720 317
51039 318
51359 319
51680 320
52002 321
52325 322
52649 323
52974 324
53300 325
53627 326
53955 327
54284 328
54614 329
54945 330
55277 331
55610 332
55944 333
56279 334
56615 335
56952 336
57290 337
57629 338
57969 339
58310 340
58652 341
58995 342
59339 343
59684 344
60030 345
60377 346
60725 347
61074 348
61424 349
61775 350
62127 351
62480 352
62834 353
63189 354
63545 355
63902 356
64260 357
64619 358
64979 359
65340 360
65702 361
66065 362
66429 363
66794 364
67160 365
67527 366
67895 367
68264 368
68634 369
69005 370
69377 371
69750 372
70124 373
70499 374
70875 375
71252 376
71630 377
72009 378
72389 379
72770 380
73152 381
73535 382
73919 383
74304 384
74690 385
75077 386
75465 387
75854 388
76244 389
76635 390
77027 391
77420 392
77814 393
78209 394
78605 395
79002 396
79400 397
79799 398
80199 399
80600 400
81002 401
81405 402
81809 403
82214 404
82620 405
83027 406
83435 407
83844 408
84254 409
84665 410
85077 411
85490 412
85904 413
86319 414
86735 415
87152 416
87570 417
87989 418
88409 419
88830 420
89252 421
89675 422
90099 423
90524 424
90950 425
91377 426
91805 427
92234 428
92664 429
93095 430
93527 431
93960 432
94394 433
94829 434
95265 435
95702 436
96140 437
96579 438
97019 439
97460 440
97902 441
98345 442
98789 443
99234 444
99680 445
100127 446
100575 447
101024 448
101474 449
101925 450
102377 451
102830 452
103284 453
103739 454
104195 455
104652 456
105110 457
105569 458
106029 459
106490 460
106952 461
107415 462
107879 463
108344 464
108810 465
109277 466
109745 467
110214 468
110684 469
111155 470
111627 471
112100 472
112574 473
113049 474
113525 475
114002 476
114480 477
114959 478
115439 479
115920 480
116402 481
116885 482
117369 483
117854 484
118340 485
118827 486
119315 487
119804 488
120294 489
120785 490
121277 491
121770 492
122264 493
122759 494
123255 495
123752 496
124250 497
124749 498
125249 499
125750 500
126252 501
126755 502
127259 503
127764 504
128270 505
128777 506
129285 507
129794 508
130304 509
130815 510
131327 511
131840 512
132354 513
132869 514
133385 515
133902 516
134420 517
134939 518
135459 519
135980 520
136502 521
137025 522
137549 523
138074 524
138600 525
139127 526
139655 527
140184 528
140714 529
141245 530
141777 531
142310 532
142844 533
143379 534
143915 535
144452 536
144990 537
145529 538
146069 539
146610 540
147152 541
147695 542
148239 543
148784 544
149330 545
149877 546
150425 547
150974 548
151524 549
152075 550
152627 551
153180 552
153734 553
154289 554
154845 555
155402 556
155960 557
156519 558
157079 559
157640 560
158202 561
158765 562
159329 563
159894 564
160460 565
161027 566
161595 567
162164 568
162734 569
163305 570
163877 571
164450 572
165024 573
165599 574
166175 575
166752 576
167330 577
167909 578
168489 579
169070 580
169652 581
170235 582
170819 583
171404 584
171990 585
172577 586
173165 587
173754 588
174344 589
174935 590
175527 591
176120 592
176714 593
177309 594
177905 595
178502 596
179100 597
179699 598
180299 599
180900 600
181502 601
182105 602
182709 603
183314 604
183920 605
184527 606
185135 607
185744 608
186354 609
186965 610
187577 611
188190 612
188804 613
189419 614
190035 615
190652 616
191270 617
191889 618
192509 619
193130 620
193752 621
194375 622
194999 623
195624 624
196250 625
196877 626
197505 627
198134 628
198764 629
199395 630
200027 631
200660 632
201294 633
201929 634
202565 635
203202 636
203840 637
204479 638
205119 639
205760 640
206402 641
207045 642
207689 643
208334 644
208980 645
209627 646
210275 647
210924 648
211574 649
212225 650
212877 651
213530 652
214184 653
214839 654
215495 655
216152 656
216810 657
217469 658
218129 659
218790 660
219452 661
220115 662
220779 663
221444 664
222110 665
222777 666
223445 667
224114 668
224784 669
225455 670
226127 671
226800 672
227474 673
228149 674
228825 675
229502 676
230180 677
230859 678
231539 679
232220 680
232902 681
233585 682
234269 683
234954 684
235640 685
236327 686
237015 687
237704 688
238394 689
239085 690
239777 691
240470 692
241164 693
241859 694
242555 695
243252 696
243950 697
244649 698
245349 699
246050 700
246752 701
247455 702
248159 703
248864 704
249570 705
250277 706
250985 707
251694 708
252404 709
253115 710
253827 711
254540 712
255254 713
255969 714
256685 715
257402 716
258120 717
258839 718
259559 719
260280 720
261002 721
261725 722
262449 723
263174 724
263900 725
264627 726
265355 727
266084 728
266814 729
267545 730
268277 731
269010 732
269744 733
270479 734
271215 735
271952 736
272690 737
273429 738
274169 739
274910 740
275652 741
276395 742
277139 743
277884 744
278630 745
279377 746
280125 747
280874 748
281624 749
282375 750
283127 751
283880 752
284634 753
285389 754
286145 755
286902 756
287660 757
288419 758
289179 759
289940 760
290702 761
291465 762
292229 763
292994 764
293760 765
294527 766
295295 767
296064 768
296834 769
297605 770
298377 771
299150 772
299924 773
300699 774
301475 775
302252 776
303030 777
303809 778
304589 779
305370 780
306152 781
306935 782
307719 783
308504 784
309290 785
310077 786
310865 787
311654 788
312444 789
313235 790
314027 791
314820 792
315614 793
316409 794
317205 795
318002 796
318800 797
319599 798
320399 799
321200 800
322002 801
322805 802
323609 803
324414 804
325220 805
326027 806
326835 807
327644 808
328454 809
329265 810
330077 811
330890 812
331704 813
332519 814
333335 815
334152 816
334970 817
335789 818
336609 819
337430 820
338252 821
339075 822
339899 823
340724 824
341550 825
342377 826
343205 827
344034 828
344864 829
345695 830
346527 831
347360 832
348194 833
349029 834
349865 835
350702 836
351540 837
352379 838
353219 839
354060 840
354902 841
355745 842
356589 843
357434 844
358280 845
359127 846
359975 847
360824 848
361674 849
362525 850
363377 851
364230 852
365084 853
365939 854
366795 855
367652 856
368510 857
369369 858
370229 859
371090 860
371952 861
372815 862
373679 863
374544 864
375410 865
376277 866
377145 867
378014 868
378884 869
379755 870
380627 871
381500 872
382374 873
383249 874
384125 875
385002 876
385880 877
386759 878
387639 879
388520 880
389402 881
390285 882
391169 883
392054 884
392940 885
393827 886
394715 887
395604 888
396494 889
397385 890
398277 891
399170 892
400064 893
400959 894
401855 895
402752 896
403650 897
404549 898
405449 899
406350 900
407252 901
408155 902
409059 903
409964 904
410870 905
411777 906
412685 907
413594 908
414504 909
415415 910
416327 911
417240 912
418154 913
419069 914
419985 915
420902 916
421820 917
422739 918
423659 919
424580 920
425502 921
426425 922
427349 923
428274 924
429200 925
430127 926
431055 927
431984 928
432914 929
433845 930
434777 931
435710 932
436644 933
437579 934
438515 935
439452 936
440390 937
441329 938
442269 939
443210 940
444152 941
445095 942
446039 943
446984 944
447930 945
448877 946
449825 947
450774 948
451724 949
452675 950
453627 951
454580 952
455534 953
456489 954
457445 955
458402 956
459360 957
460319 958
461279 959
462240 960
463202 961
464165 962
465129 963
466094 964
467060 965
468027 966
468995 967
469964 968
470934 969
471905 970
472877 971
473850 972
474824 973
475799 974
476775 975
477752 976
478730 977
479709 978
480689 979
481670 980
482652 981
483635 982
484619 983
485604 984
486590 985
487577 986
488565 987
489554 988
490544 989
491535 990
492527 991
493520 992
494514 993
495509 994
496505 995
497502 996
498500 997
499499 998
500499 999
500735 999
501323 999
501975 999
502786 999
503442 999
503766 999
504691 999
505159 999
506022 999
506184 999
506724 999
506928 999
507857 999
508203 999
508474 999
509299 999
509505 999
510051 999
511003 999
511921 999
512694 999
513429 999
514206 999
514433 999
515237 999
515947 999
516446 999
516805 999
517290 999
517772 999
518645 999
519017 999
519974 999
520847 999
521221 999
521846 999
522452 999
522644 999
523492 999
523657 999
523910 999
524704 999
524783 999
525331 999
526093 999
526869 999
526960 999
527234 999
527262 999
527732 999
528068 999
528170 999
528391 999
528449 999
529145 999
529237 999
529603 999
529736 999
529931 999
530534 999
531481 999
532251 999
532874 999
533183 999
533749 999
534652 999
534979 999
535784 999
536279 999
536385 999
536747 999
536944 999
537623 999
538518 999
539504 999
539562 999
539807 999
539892 999
540224 999
540873 999
541452 999
542325 999
542810 999
543742 999
543772 999
544420 999
544734 999
545021 999
545089 999
545240 999
545284 999
545859 999
546401 999
547050 999
547843 999
547958 999
548030 999
548393 999
549241 999
550019 999
550049 999
550214 999
550646 999
551181 999
552061 999
552588 999
553312 999
553767 999
553927 999
554702 999
555442 999
556177 999
556244 999
556260 999
557154 999
557871 999
558594 999
559180 999
560028 999
561003 999
561132 999
561595 999
562405 999
562732 999
562961 999
563597 999
564078 999
564590 999
564648 999
564955 999
565761 999
566370 999
567259 999
567365 999
567700 999
568362 999
568896 999
569841 999
569864 999
570798 999
571023 999
571733 999
572496 999
572701 999
572996 999
573582 999
574102 999
574183 999
575146 999
576031 999
576257 999
576409 999
576804 999
577146 999
578024 999
578228 999
578421 999
578965 999
579584 999
579953 999
580523 999
581180 999
581299 999
581359 999
582042 999
582124 999
582999 999
583635 999
583977 999
584439 999
585055 999
585622 999
585817 999
586782 999
587167 999
587227 999
587374 999
588196 999
589161 999
589412 999
589464 999
589763 999
590571 999
591229 999
591551 999
591724 999
592659 999
593123 999
594010 999
594758 999
595645 999
595966 999
596258 999
597133 999
597256 999
597328 999
597746 999
597796 999
598326 999
598450 999
599197 999
599825 999
600044 999
600194 999
601172 999
601696 999
601742 999
602586 999
602916 999
603242 999
604219 999
604969 999
605087 999
605357 999
606035 999
606081 999
606564 999
606927 999
607018 999
607491 999
608075 999
608991 999
609711 999
610427 999
610735 999
611625 999
612574 999
612705 999
613275 999
614037 999
614272 999
615185 999
615746 999
616156 999
616683 999
616794 999
617303 999
618107 999
619030 999
619439 999
619641 999
619793 999
620001 999
620704 999
621606 999
622292 999
623141 999
623510 999
624037 999
624826 999
625608 999
625888 999
626272 999
626985 999
627111 999
627587 999
627869 999
628382 999
628854 999
628930 999
629766 999
630621 999
631275 999
631728 999
632605 999
633241 999
634201 999
635131 999
635669 999
636648 999
636674 999
636764 999
637000 999
637313 999
638162 999
638301 999
638573 999
639043 999
639770 999
640191 999
640672 999
641119 999
641393 999
642066 999
642864 999
643383 999
643593 999
644570 999
644992 999
645237 999
645951 999
646662 999
646965 999
647957 999
648049 999
648945 999
649006 999
649891 999
650814 999
651183 999
651583 999
652054 999
652389 999
652716 999
652868 999
653091 999
653186 999
653709 999
653945 999
654283 999
654393 999
654906 999
655005 999
655756 999
656727 999
656824 999
657285 999
657995 999
658362 999
659259 999
659359 999
660072 999
660154 999
661043 999
661805 999
662684 999
662750 999
662928 999
663691 999
664461 999
664884 999
665802 999
666584 999
667508 999
668045 999
668791 999
669154 999
670079 999
670522 999
670696 999
670922 999
671905 999
672828 999
673032 999
673530 999
674178 999
675075 999
675307 999
676014 999
676390 999
676785 999
677563 999
678407 999
679052 999
679822 999
680348 999
681305 999
682279 999
682860 999
683228 999
683336 999
683617 999
683742 999
684154 999
684977 999
685804 999
686388 999
687206 999
687245 999
687796 999
688413 999
688891 999
688905 999
689681 999
690001 999
690763 999
691754 999
692050 999
692137 999
692833 999
693058 999
693734 999
694161 999
695039 999
695492 999
695564 999
696467 999
697009 999
697622 999
697805 999
698598 999
698877 999
699713 999
699818 999
700360 999
701287 999
701755 999
702185 999
702503 999
703082 999
703272 999
703962 999
704718 999
705658 999
706174 999
706780 999
707018 999
707952 999
708315 999
708656 999
709392 999
710120 999
710731 999
710799 999
711506 999
712348 999
712477 999
712744 999
713094 999
713472 999
714096 999
714818 999
714929 999
715113 999
715914 999
716548 999
717281 999
717826 999
718399 999
718470 999
718814 999
719748 999
719967 999
720440 999
720817 999
721339 999
722298 999
722910 999
723030 999
723799 999
724706 999
725215 999
726154 999
726997 999
727121 999
727870 999
728850 999
729645 999
730325 999
730666 999
730873 999
731783 999
731831 999
732293 999
733228 999
733317 999
733648 999
733730 999
734069 999
734531 999
735479 999
735602 999
735698 999
735820 999
736050 999
736701 999
736909 999
736925 999
737912 999
738721 999
738957 999
739138 999
739986 999
740627 999
741464 999
741871 999
742079 999
742122 999
742414 999
742527 999
743094 999
743176 999
744156 999
744182 999
744359 999
744965 999
745771 999
746335 999
747014 999
747962 999
748866 999
748898 999
749656 999
749964 999
749984 999
750531 999
751081 999
751909 999
752236 999
752834 999
753688 999
753841 999
754075 999
754850 999
755216 999
755864 999
756139 999
756857 999
757529 999
757965 999
758286 999
758501 999
758856 999
759631 999
760345 999
761000 999
761155 999
761910 999
762244 999
762582 999
762826 999
763463 999
763893 999
764064 999
764300 999
764445 999
765088 999
765647 999
766334 999
766839 999
766870 999
767143 999
767876 999
768050 999
768843 999
769657 999
770488 999
771256 999
772039 999
772452 999
773351 999
773868 999
774070 999
774377 999
775055 999
775682 999
776106 999
776593 999
776840 999
777451 999
778235 999
778682 999
778962 999
779736 999
779812 999
780266 999
780446 999
781426 999
782374 999
783260 999
783347 999
783473 999
783606 999
784323 999
785305 999
785976 999
786755 999
786967 999
787819 999
788550 999
789208 999
789703 999
790112 999
791023 999
791161 999
791411 999
791434 999
791971 999
792573 999
793051 999
793093 999
794066 999
794125 999
794750 999
795135 999
795284 999
796071 999
796360 999
796804 999
797265 999
797881 999
798457 999
798537 999
798566 999
798971 999
799913 999
800813 999
801139 999
801780 999
802413 999
802468 999
802666 999
803359 999
803525 999
804230 999
805163 999
805565 999
805855 999
806779 999
807776 999
808601 999
808910 999
809448 999
809455 999
809575 999
810036 999
810809 999
811601 999
812563 999
813517 999
814364 999
815270 999
815758 999
816230 999
816895 999
817300 999
817569 999
817883 999
818295 999
818657 999
818825 999
819225 999
820225 999
820296 999
820920 999
821428 999
822362 999
822602 999
822823 999
822886 999
823164 999
823839 999
824428 999
824723 999
825513 999
825950 999
826059 999
826272 999
826335 999
826819 999
827752 999
828650 999
829648 999
830105 999
830423 999
830555 999
831429 999
831548 999
831652 999
832551 999
833151 999
833509 999
834442 999
835434 999
835457 999
835464 999
836228 999
836691 999
837499 999
838182 999
838424 999
838761 999
839006 999
839295 999
839377 999
839879 999
840536 999
840717 999
841463 999
841866 999
842034 999
842784 999
843453 999
844196 999
844280 999
845165 999
845820 999
845872 999
846192 999
846576 999
847112 999
847710 999
847748 999
848606 999
848737 999
849152 999
849762 999
850694 999
851196 999
851848 999
852690 999
853021 999
853582 999
854492 999
854974 999
855420 999
855651 999
856157 999
856479 999
857430 999
858031 999
858817 999
859355 999
859575 999
860088 999
860389 999
860890 999
861052 999
861350 999
862218 999
862460 999
862496 999
862763 999
863626 999
864100 999
864244 999
864849 999
865255 999
866110 999
866410 999
866561 999
866846 999
866848 999
867658 999
868614 999
868904 999
869470 999
870282 999
870455 999
870495 999
870609 999
870717 999
871116 999
871646 999
871731 999
872667 999
873313 999
874195 999
875127 999
875399 999
875686 999
875741 999
875810 999
876220 999
876760 999
877411 999
878293 999
878745 999
879127 999
879455 999
879556 999
880193 999
880957 999
881870 999
882593 999
883271 999
883646 999
884633 999
884751 999
884862 999
885548 999
885935 999
886122 999
886722 999
887063 999
887663 999
888168 999
889133 999
889934 999
890304 999
890544 999
891275 999
891432 999
891477 999
891643 999
892330 999
892801 999
893287 999
893436 999
893868 999
894110 999
894363 999
895219 999
895510 999
895744 999
896545 999
897401 999
897581 999
898002 999
898597 999
899081 999
899435 999
899871 999
900262 999
900981 999
901859 999
902848 999
903722 999
904570 999
905230 999
905513 999
906113 999
906668 999
907428 999
907978 999
908047 999
908790 999
909442 999
909932 999
910757 999
910973 999
911610 999
911892 999
912760 999
913276 999
913608 999
913983 999
914105 999
914592 999
915189 999
915956 999
916238 999
916796 999
916901 999
917844 999
918834 999
919830 999
920216 999
920743 999
921211 999
921293 999
921446 999
921473 999
922135 999
922514 999
923477 999
923731 999
924666 999
925308 999
925598 999
926360 999
927269 999
927590 999
928237 999
928481 999
928770 999
928830 999
928864 999
929193 999
929203 999
929683 999
930324 999
930537 999
931010 999
932001 999
932142 999
932844 999
933782 999
934304 999
934652 999
935633 999
935816 999
936684 999
936819 999
937149 999
937888 999
938626 999
939570 999
940154 999
940764 999
940978 999
941799 999
941856 999
942643 999
943073 999
943959 999
944945 999
945367 999
946234 999
947166 999
948041 999
948143 999
948570 999
948765 999
949180 999
949489 999
949873 999
950700 999
951439 999
952420 999
953355 999
953929 999
954582 999
954793 999
955710 999
955780 999
956616 999
957006 999
957612 999
957887 999
958123 999
959038 999
959492 999
960338 999
960535 999
960593 999
961593 999
962269 999
963031 999
963091 999
964000 999
964250 999
964903 999
965001 999
965982 999
966219 999
967075 999
967398 999
968317 999
969254 999
969735 999
969932 999
970126 999
970586 999
970768 999
971137 999
971975 999
972000 999
972930 999
973507 999
973544 999
973631 999
973905 999
974580 999
975391 999
976012 999
976441 999
977083 999
977460 999
977480 999
978472 999
979382 999
980089 999
980336 999
981253 999
981505 999
981852 999
982496 999
983191 999
984036 999
984844 999
985751 999
985899 999
986634 999
987517 999
988042 999
988089 999
988486 999
988537 999
988974 999
989229 999
989968 999
989992 999
990226 999
990273 999
990596 999
991496 999
991852 999
992782 999
993312 999
993552 999
994226 999
995064 999
995218 999
995593 999
996212 999
996755 999
997032 999
997384 999
997674 999
998429 999
999423 999
999683 999
1000129 999
1000749 999
1001578 999
1001858 999
1001914 999
1001948 999
1002141 999
